Add 1st trigger commit
